2026-09-09 23:31:25 - rekov_system - SUCCESS - ==================================================
2026-09-09 23:31:25 - rekov_system - SUCCESS -   REKOV -- Unified System Launcher
2026-09-09 23:31:25 - rekov_system - SUCCESS - ==================================================
2026-09-09 23:31:25 - rekov_system - INFO - 
2026-09-09 23:31:25 - rekov_system - INFO -   Single process managing all services.
2026-09-09 23:31:25 - rekov_system - INFO -   Backend + Frontend launched together.
2026-09-09 23:31:25 - rekov_system - INFO - 
2026-09-09 23:31:25 - rekov_system - INFO - [SETUP] Installing backend dependencies...
2026-09-09 23:31:27 - rekov_system - SUCCESS - [SETUP] Backend dependencies ready.
2026-09-09 23:31:27 - rekov_system - INFO - [SETUP] Installing frontend dependencies...
2026-09-09 23:31:31 - rekov_system - SUCCESS - [SETUP] Frontend dependencies ready.
2026-09-09 23:31:31 - rekov_system - INFO - [API] Spawning: C:\Users\Roset\AppData\Local\Programs\Python\Python313\python.exe -m uvicorn main:app --host 0.0.0.0 --port 8000
2026-09-09 23:31:31 - rekov_system - INFO - [UI] Spawning: cmd /c npm run dev
2026-09-09 23:31:31 - rekov_system - SUCCESS - ==================================================
2026-09-09 23:31:31 - rekov_system - SUCCESS -   ALL SYSTEMS ONLINE
2026-09-09 23:31:31 - rekov_system - SUCCESS - ==================================================
2026-09-09 23:31:31 - rekov_system - INFO - 
2026-09-09 23:31:31 - rekov_system - INFO -   -> http://localhost:3000         (Application)
2026-09-09 23:31:31 - rekov_system - INFO -   -> http://localhost:3000/kiosk    (Self-Service)
2026-09-09 23:31:31 - rekov_system - INFO -   -> http://localhost:8000/docs     (API Docs)
2026-09-09 23:31:31 - rekov_system - INFO - 
2026-09-09 23:31:31 - rekov_system - INFO -   Press Ctrl+C to stop.
2026-09-09 23:31:31 - rekov_system - INFO - 
2026-09-09 23:31:32 - rekov_system - INFO - [UI] > rekoviu@1.0.0 dev
2026-09-09 23:31:32 - rekov_system - INFO - [UI] > next dev -p 3000
2026-09-09 23:31:33 - rekov_system - INFO - [API] INFO:     Started server process [6800]
2026-09-09 23:31:33 - rekov_system - INFO - [API] INFO:     Waiting for application startup.
2026-09-09 23:31:33 - rekov_system - INFO - [API] INFO:     Application startup complete.
2026-09-09 23:31:33 - rekov_system - INFO - [API] INFO:     Uvicorn running on http://0.0.0.0:8000 (Press CTRL+C to quit)
2026-09-09 23:31:34 - rekov_system - INFO - [UI] ▲ Next.js 14.2.35
2026-09-09 23:31:34 - rekov_system - INFO - [UI] - Local:        http://localhost:3000
2026-09-09 23:31:34 - rekov_system - INFO - [UI] ✓ Starting...
2026-09-09 23:31:43 - rekov_system - INFO - [UI] ✓ Ready in 9.1s
2026-09-09 23:32:39 - rekov_system - INFO - [UI] ○ Compiling / ...
2026-09-09 23:32:50 - rekov_system - INFO - [UI] ✓ Compiled / in 11.6s (518 modules)
2026-09-09 23:32:52 - rekov_system - INFO - [UI] GET / 200 in 13377ms
2026-09-09 23:32:52 - rekov_system - INFO - [UI] ✓ Compiled in 1602ms (266 modules)
2026-09-09 23:32:55 - rekov_system - INFO - [API] INFO:     127.0.0.1:64374 - "GET /api/v1/settings/currency HTTP/1.1" 200 OK
2026-09-09 23:32:55 - rekov_system - INFO - [API] INFO:     127.0.0.1:64374 - "GET /api/v1/settings/currency HTTP/1.1" 200 OK
2026-09-09 23:33:05 - rekov_system - INFO - [UI] ○ Compiling /status ...
2026-09-09 23:33:05 - rekov_system - INFO - [UI] ✓ Compiled /status in 613ms (510 modules)
2026-09-09 23:33:09 - rekov_system - INFO - [UI] GET / 200 in 306ms
2026-09-09 23:33:13 - rekov_system - INFO - [UI] ○ Compiling /receptionist ...
2026-09-09 23:33:13 - rekov_system - INFO - [API] INFO:     127.0.0.1:56534 - "GET /api/v1/settings/currency HTTP/1.1" 200 OK
2026-09-09 23:33:13 - rekov_system - INFO - [UI] ✓ Compiled /receptionist in 1092ms (546 modules)
2026-09-09 23:33:14 - rekov_system - INFO - [UI] ○ Compiling /login ...
2026-09-09 23:33:14 - rekov_system - INFO - [UI] ✓ Compiled /login in 635ms (552 modules)
2026-09-09 23:33:18 - rekov_system - INFO - [API] INFO:     127.0.0.1:56534 - "GET /api/v1/settings/currency HTTP/1.1" 200 OK
2026-09-09 23:33:18 - rekov_system - INFO - [API] INFO:     127.0.0.1:56534 - "GET /api/v1/settings/currency HTTP/1.1" 200 OK
2026-09-09 23:33:18 - rekov_system - INFO - [API] INFO:     127.0.0.1:56534 - "GET /api/v1/settings/currency HTTP/1.1" 200 OK
2026-09-09 23:33:24 - rekov_system - WARNING - [UI] (node:39116) [DEP0060] DeprecationWarning: The `util._extend` API is deprecated. Please use Object.assign() instead.
2026-09-09 23:33:24 - rekov_system - WARNING - [UI] (Use `node --trace-deprecation ...` to show where the warning was created)
2026-09-09 23:33:24 - rekov_system - INFO - [API] INFO:     127.0.0.1:53571 - "POST /api/v1/auth/login HTTP/1.1" 401 Unauthorized
2026-09-09 23:37:57 - rekov_system - INFO - [UI] ✓ Compiled in 3.9s (555 modules)
2026-09-09 23:37:59 - rekov_system - WARNING - [UI] ⚠ Fast Refresh had to perform a full reload due to a runtime error.
2026-09-09 23:37:59 - rekov_system - INFO - [UI] GET /login 200 in 325ms
2026-09-09 23:38:28 - rekov_system - INFO - [UI] ✓ Compiled in 1156ms (563 modules)
2026-09-09 23:41:35 - rekov_system - INFO - [UI] ✓ Compiled in 240ms (286 modules)
2026-09-09 23:43:29 - rekov_system - INFO - [UI] ✓ Compiled in 788ms (549 modules)
2026-09-09 23:44:52 - rekov_system - INFO - [UI] ✓ Compiled in 213ms (286 modules)
2026-09-09 23:45:37 - rekov_system - INFO - [UI] ✓ Compiled in 4.3s (549 modules)
2026-09-09 23:47:25 - rekov_system - INFO - [UI] ✓ Compiled in 2.6s (563 modules)
2026-09-09 23:47:48 - rekov_system - INFO - [API] INFO:     127.0.0.1:57072 - "POST /api/v1/auth/login HTTP/1.1" 401 Unauthorized
2026-09-09 23:49:47 - rekov_system - INFO - [API] INFO:     127.0.0.1:63178 - "POST /api/v1/auth/login HTTP/1.1" 401 Unauthorized
2026-09-09 23:51:39 - rekov_system - INFO - [UI] GET /status 200 in 944ms
2026-09-09 23:51:44 - rekov_system - INFO - [API] INFO:     127.0.0.1:64252 - "GET /api/v1/settings/currency HTTP/1.1" 200 OK
2026-09-09 23:51:45 - rekov_system - INFO - [API] INFO:     127.0.0.1:64252 - "GET /api/v1/settings/currency HTTP/1.1" 200 OK
2026-09-09 23:51:45 - rekov_system - INFO - [UI] ○ Compiling / ...
2026-09-09 23:51:46 - rekov_system - INFO - [UI] ✓ Compiled / in 1699ms (555 modules)
2026-09-09 23:51:54 - rekov_system - INFO - [UI] GET / 200 in 222ms
2026-09-10 00:02:52 - rekov_system - INFO - [UI] GET / 200 in 48ms
2026-09-10 00:03:49 - rekov_system - INFO - [UI] ✓ Compiled in 327ms (569 modules)
2026-09-10 00:04:06 - rekov_system - INFO - [UI] ✓ Compiled in 181ms (569 modules)
2026-09-10 00:11:06 - rekov_system - INFO - [UI] ✓ Compiled in 175ms (288 modules)
2026-09-10 00:12:18 - rekov_system - WARNING - [UI] ⚠ Found a change in next.config.mjs. Restarting the server to apply the changes...
2026-09-10 00:12:18 - rekov_system - WARNING - [UI] file:///C:/Users/Roset/Desktop/rekov/rekoviu/next.config.mjs:10
2026-09-10 00:12:18 - rekov_system - WARNING - [UI] export default nextConfig;
2026-09-10 00:12:18 - rekov_system - WARNING - [UI] ^^^^^^^^^^^^^^^^^^
2026-09-10 00:12:18 - rekov_system - ERROR - [UI] SyntaxError: Identifier '.default' has already been declared
2026-09-10 00:12:18 - rekov_system - WARNING - [UI] at compileSourceTextModule (node:internal/modules/esm/utils:318:16)
2026-09-10 00:12:18 - rekov_system - WARNING - [UI] at ModuleLoader.moduleStrategy (node:internal/modules/esm/translators:89:18)
2026-09-10 00:12:18 - rekov_system - WARNING - [UI] at #translate (node:internal/modules/esm/loader:434:20)
2026-09-10 00:12:18 - rekov_system - WARNING - [UI] at afterLoad (node:internal/modules/esm/loader:502:29)
2026-09-10 00:12:18 - rekov_system - WARNING - [UI] at ModuleLoader.loadAndTranslate (node:internal/modules/esm/loader:507:12)
2026-09-10 00:12:18 - rekov_system - WARNING - [UI] at #getOrCreateModuleJobAfterResolve (node:internal/modules/esm/loader:560:36)
2026-09-10 00:12:18 - rekov_system - WARNING - [UI] at afterResolve (node:internal/modules/esm/loader:607:52)
2026-09-10 00:12:18 - rekov_system - WARNING - [UI] at ModuleLoader.getOrCreateModuleJob (node:internal/modules/esm/loader:613:12)
2026-09-10 00:12:18 - rekov_system - WARNING - [UI] at node:internal/modules/esm/loader:632:32
2026-09-10 00:12:18 - rekov_system - WARNING - [UI] at TracingChannel.tracePromise (node:diagnostics_channel:362:14)
2026-09-10 00:12:18 - rekov_system - WARNING - [UI] Node.js v24.18.0
2026-09-10 00:12:18 - rekov_system - INFO - [UI] [?25h
2026-09-10 00:12:19 - rekov_system - ERROR - UI process exited (code 0)
2026-09-10 00:12:19 - rekov_system - INFO - Terminating child processes...
2026-09-10 00:12:19 - rekov_system - SUCCESS - System shutdown complete.
